// Jest Snapshot v1, https://goo.gl/fbAQLP

exports[`DocumentUnion 快照 1`] = `"string|Function|{ a: string; readonly b?: number; }|UiButtonProps<false>|(p1: number, p2?: string) => void"`;

exports[`DocumentUnion 文档模型解析[toTypeString]: 1`] = `"string|Function|{ a: string; readonly b?: number; }|UiButtonProps<false>|(p1: number, p2?: string) => void"`;
