// Jest Snapshot v1, https://goo.gl/fbAQLP

exports[`DocumentTuple 快照 1`] = `"[{ a: string; readonly b?: number; },string,UiButtonProps<false>,(p1: number, p2?: string) => void,Function]"`;

exports[`DocumentTuple 文档模型解析[toTypeString]: 1`] = `"[{ a: string; readonly b?: number; },string,UiButtonProps<false>,(p1: number, p2?: string) => void,Function]"`;
